// Jest Snapshot v1, https://goo.gl/fbAQLP

exports[`<TabLabel/> renders without crushing 1`] = `[MockFunction]`;
