// Jest Snapshot v1, https://goo.gl/fbAQLP

exports[`Button matches snapshots for primary 1`] = `
<button
  class="sc-bdVaJa euJmou"
>
  Click Me
</button>
`;
